[WARNING] 
[WARNING] Some problems were encountered while building the effective settings
[WARNING] Unrecognised tag: 'blocked' (position: START_TAG seen ...</url>\n      <blocked>... @166:16)  @ /home/singhand/zuolingfeng/maven3/conf/settings.xml, line 166, column 16
[WARNING] 
[INFO] Scanning for projects...
[INFO] 
[INFO] -----------------------< com.singhand:cardgame >------------------------
[INFO] Building cardgame 0.0.1-SNAPSHOT
[INFO] --------------------------------[ jar ]---------------------------------
[INFO] 
[INFO] >>> spring-boot-maven-plugin:2.6.13:run (default-cli) > test-compile @ cardgame >>>
[INFO] 
[INFO] --- maven-resources-plugin:2.6:resources (default-resources) @ cardgame ---
[INFO] Using 'UTF-8' encoding to copy filtered resources.
[INFO] Copying 3 resources
[INFO] 
[INFO] --- maven-compiler-plugin:3.8.1:compile (default-compile) @ cardgame ---
[INFO] Nothing to compile - all classes are up to date
[INFO] 
[INFO] --- maven-resources-plugin:2.6:testResources (default-testResources) @ cardgame ---
[INFO] Using 'UTF-8' encoding to copy filtered resources.
[INFO] skip non existing resourceDirectory /home/singhand/gameProject/cardgame/src/test/resources
[INFO] 
[INFO] --- maven-compiler-plugin:3.8.1:testCompile (default-testCompile) @ cardgame ---
[INFO] Changes detected - recompiling the module!
[INFO] Compiling 1 source file to /home/singhand/gameProject/cardgame/target/test-classes
[INFO] 
[INFO] <<< spring-boot-maven-plugin:2.6.13:run (default-cli) < test-compile @ cardgame <<<
[INFO] 
[INFO] 
[INFO] --- spring-boot-maven-plugin:2.6.13:run (default-cli) @ cardgame ---
[INFO] Attaching agents: []

  .   ____          _            __ _ _
 /\\ / ___'_ __ _ _(_)_ __  __ _ \ \ \ \
( ( )\___ | '_ | '_| | '_ \/ _` | \ \ \ \
 \\/  ___)| |_)| | | | | || (_| |  ) ) ) )
  '  |____| .__|_| |_|_| |_\__, | / / / /
 =========|_|==============|___/=/_/_/_/
 :: Spring Boot ::               (v2.6.13)

2025-12-06 09:48:15.957  INFO 76626 --- [           main] c.singhand.cardgame.CardgameApplication  : Starting CardgameApplication using Java 1.8.0_381 on singhand-PC with PID 76626 (/home/singhand/gameProject/cardgame/target/classes started by singhand in /home/singhand/gameProject/cardgame)
2025-12-06 09:48:15.960  INFO 76626 --- [           main] c.singhand.cardgame.CardgameApplication  : No active profile set, falling back to 1 default profile: "default"
2025-12-06 09:48:16.623  INFO 76626 --- [           main] o.s.b.w.embedded.tomcat.TomcatWebServer  : Tomcat initialized with port(s): 8080 (http)
2025-12-06 09:48:16.630  INFO 76626 --- [           main] o.apache.catalina.core.StandardService   : Starting service [Tomcat]
2025-12-06 09:48:16.630  INFO 76626 --- [           main] org.apache.catalina.core.StandardEngine  : Starting Servlet engine: [Apache Tomcat/9.0.68]
2025-12-06 09:48:16.723  INFO 76626 --- [           main] o.a.c.c.C.[Tomcat].[localhost].[/]       : Initializing Spring embedded WebApplicationContext
2025-12-06 09:48:16.723  INFO 76626 --- [           main] w.s.c.ServletWebServerApplicationContext : Root WebApplicationContext: initialization completed in 732 ms
2025-12-06 09:48:16.883  INFO 76626 --- [           main] o.s.b.a.w.s.WelcomePageHandlerMapping    : Adding welcome page: class path resource [static/index.html]
2025-12-06 09:48:17.016  INFO 76626 --- [           main] o.s.b.w.embedded.tomcat.TomcatWebServer  : Tomcat started on port(s): 8080 (http) with context path ''
2025-12-06 09:48:17.028  INFO 76626 --- [           main] c.singhand.cardgame.CardgameApplication  : Started CardgameApplication in 1.308 seconds (JVM running for 1.561)
DataInitializer中的GameService实例: 289711450
GameService初始化卡牌: 800 张
成功加载 800 张卡牌数据
2025-12-06 09:48:26.235  INFO 76626 --- [nio-8080-exec-1] o.a.c.c.C.[Tomcat].[localhost].[/]       : Initializing Spring DispatcherServlet 'dispatcherServlet'
2025-12-06 09:48:26.235  INFO 76626 --- [nio-8080-exec-1] o.s.web.servlet.DispatcherServlet        : Initializing Servlet 'dispatcherServlet'
2025-12-06 09:48:26.236  INFO 76626 --- [nio-8080-exec-1] o.s.web.servlet.DispatcherServlet        : Completed initialization in 1 ms
GameController中的GameService实例: 289711450
查找稀有度: COMMON, 总卡牌数: 0
找到匹配卡牌数: 0
查找稀有度: COMMON, 总卡牌数: 0
找到匹配卡牌数: 0
查找稀有度: RARE, 总卡牌数: 0
找到匹配卡牌数: 0
查找稀有度: COMMON, 总卡牌数: 0
找到匹配卡牌数: 0
查找稀有度: COMMON, 总卡牌数: 0
找到匹配卡牌数: 0
[INFO] ------------------------------------------------------------------------
[INFO] BUILD FAILURE
[INFO] ------------------------------------------------------------------------
[INFO] Total time:  01:17 min
[INFO] Finished at: 2025-12-06T09:49:30+08:00
[INFO] ------------------------------------------------------------------------
[ERROR] Failed to execute goal org.springframework.boot:spring-boot-maven-plugin:2.6.13:run (default-cli) on project cardgame: Application finished with exit code: 143 -> [Help 1]
[ERROR] 
[ERROR] To see the full stack trace of the errors, re-run Maven with the -e switch.
[ERROR] Re-run Maven using the -X switch to enable full debug logging.
[ERROR] 
[ERROR] For more information about the errors and possible solutions, please read the following articles:
[ERROR] [Help 1] http://cwiki.apache.org/confluence/display/MAVEN/MojoExecutionException
